// Jest Snapshot v1, https://goo.gl/fbAQLP

exports[`matches snapshot 1`] = `
<DocumentFragment>
  <div
    class="BoxList"
  >
    <h3>
      Box List
    </h3>
    <div />
    <form>
      <label
        for="height"
      >
        Height
      </label>
      <input
        id="height"
        name="height"
        placeholder="Box Height"
        type="text"
        value=""
      />
      <label
        for="width"
      >
        Width
      </label>
      <input
        id="width"
        name="width"
        placeholder="Box Width"
        type="text"
        value=""
      />
      <label
        for="color"
      >
        Background Color
      </label>
      <input
        id="color"
        name="color"
        type="text"
        value=""
      />
      <button>
        Add Box!
      </button>
    </form>
  </div>
</DocumentFragment>
`;
