// Jest Snapshot v1, https://goo.gl/fbAQLP

exports[`matches snapshot 1`] = `
<DocumentFragment>
  <div
    class="App"
  >
    <div>
      <h3>
        ToDo List
      </h3>
      <div />
      <form>
        <label
          for="todo"
        >
          Task:
        </label>
        <input
          id="todo"
          name="todo"
          placeholder="Todo"
          type="text"
          value=""
        />
        <button>
          Add Todo
        </button>
      </form>
    </div>
  </div>
</DocumentFragment>
`;
